[     374ms] Error: Dynamic require of "@amzn/awsmcc" is not supported
    at https://a0.awsstatic.com/awsm-core/0.1.8/bundle/head.js:1:383
    at https://a0.awsstatic.com/awsm-core/0.1.8/bundle/head.js:3:23824
    at https://a0.awsstatic.com/awsm-core/0.1.8/bundle/head.js:1:460
    at https://a0.awsstatic.com/awsm-core/0.1.8/bundle/head.js:3:24321
    at https://a0.awsstatic.com/awsm-core/0.1.8/bundle/head.js:1:460
    at https://a0.awsstatic.com/awsm-core/0.1.8/bundle/head.js:3:53359
[     648ms] [ERROR] [TangerineBox] Telemetry configuration is missing. Error: Error: Session data meta tag not found @ https://a.b.cdn.console.awsstatic.com/a/v1/CEQ753HGI4VIEBGCDVTGJAUVQGBTUEBLQAPUZKXOPUCG73VLELWQ/4f9d21011c2f449797c97ad39e28d981db54e8abc2d447ce9b3129dbc8be99c4.js:1
[     650ms] [ERROR] [TangerineBox] Telemetry configuration is missing. Error: Error: Session data meta tag not found @ https://a.b.cdn.console.awsstatic.com/a/v1/CEQ753HGI4VIEBGCDVTGJAUVQGBTUEBLQAPUZKXOPUCG73VLELWQ/4f9d21011c2f449797c97ad39e28d981db54e8abc2d447ce9b3129dbc8be99c4.js:1
[     657ms] [LOG] Error: failed to parse meta tag awsc-session-data
    at x (https://a.b.cdn.console.awsstatic.com/a/v1/CEQ753HGI4VIEBGCDVTGJAUVQGBTUEBLQAPUZKXOPUCG73VLELWQ/4f9d21011c2f449797c97ad39e28d981db54e8abc2d447ce9b3129dbc8be99c4.js:2:20414)
    at F.parseSessionDataMetaTag (https://a.b.cdn.console.awsstatic.com/a/v1/CEQ753HGI4VIEBGCDVTGJAUVQGBTUEBLQAPUZKXOPUCG73VLELWQ/4f9d21011c2f449797c97ad39e28d981db54e8abc2d447ce9b3129dbc8be99c4.js:2:21726)
    at new F (https://a.b.cdn.console.awsstatic.com/a/v1/CEQ753HGI4VIEBGCDVTGJAUVQGBTUEBLQAPUZKXOPUCG73VLELWQ/4f9d21011c2f449797c97ad39e28d981db54e8abc2d447ce9b3129dbc8be99c4.js:2:21189)
    at F.getInstance (https://a.b.cdn.console.awsstatic.com/a/v1/CEQ753HGI4VIEBGCDVTGJAUVQGBTUEBLQAPUZKXOPUCG73VLELWQ/4f9d21011c2f449797c97ad39e28d981db54e8abc2d447ce9b3129dbc8be99c4.js:2:21307)
    at j.getInstance (https://a.b.cdn.console.awsstatic.com/a/v1/CEQ753HGI4VIEBGCDVTGJAUVQGBTUEBLQAPUZKXOPUCG73VLELWQ/4f9d21011c2f449797c97ad39e28d981db54e8abc2d447ce9b3129dbc8be99c4.js:2:23908)
    at Ce (https://a.b.cdn.console.awsstatic.com/a/v1/CEQ753HGI4VIEBGCDVTGJAUVQGBTUEBLQAPUZKXOPUCG73VLELWQ/4f9d21011c2f449797c97ad39e28d981db54e8abc2d447ce9b3129dbc8be99c4.js:2:28828)
    at Hs.setupLocals (https://a.b.cdn.console.awsstatic.com/a/v1/CEQ753HGI4VIEBGCDVTGJAUVQGBTUEBLQAPUZKXOPUCG73VLELWQ/4f9d21011c2f449797c97ad39e28d981db54e8abc2d447ce9b3129dbc8be99c4.js:4:84470)
    at new Hs (https://a.b.cdn.console.awsstatic.com/a/v1/CEQ753HGI4VIEBGCDVTGJAUVQGBTUEBLQAPUZKXOPUCG73VLELWQ/4f9d21011c2f449797c97ad39e28d981db54e8abc2d447ce9b3129dbc8be99c4.js:4:78460)
    at qs.createNewNamespace (https://a.b.cdn.console.awsstatic.com/a/v1/CEQ753HGI4VIEBGCDVTGJAUVQGBTUEBLQAPUZKXOPUCG73VLELWQ/4f9d21011c2f449797c97ad39e28d981db54e8abc2d447ce9b3129dbc8be99c4.js:4:103269)
    at qs.applyAsyncFunction (https://a.b.cdn.console.awsstatic.com/a/v1/CEQ753HGI4VIEBGCDVTGJAUVQGBTUEBLQAPUZKXOPUCG73VLELWQ/4f9d21011c2f449797c97ad39e28d981db54e8abc2d447ce9b3129dbc8be99c4.js:4:104353) @ https://a.b.cdn.console.awsstatic.com/a/v1/CEQ753HGI4VIEBGCDVTGJAUVQGBTUEBLQAPUZKXOPUCG73VLELWQ/4f9d21011c2f449797c97ad39e28d981db54e8abc2d447ce9b3129dbc8be99c4.js:1
[     657ms] [WARNING] Unable to parse the data using legacy methods @ https://a.b.cdn.console.awsstatic.com/a/v1/CEQ753HGI4VIEBGCDVTGJAUVQGBTUEBLQAPUZKXOPUCG73VLELWQ/4f9d21011c2f449797c97ad39e28d981db54e8abc2d447ce9b3129dbc8be99c4.js:1
[     658ms] [ERROR] Couldn't determine console domain and dual-stack values. @ https://a.b.cdn.console.awsstatic.com/a/v1/CEQ753HGI4VIEBGCDVTGJAUVQGBTUEBLQAPUZKXOPUCG73VLELWQ/4f9d21011c2f449797c97ad39e28d981db54e8abc2d447ce9b3129dbc8be99c4.js:1
[     744ms] [LOG] CA xpath //div[contains(@id,'faq')]//div[@data-rg-n='ItemExpander'] found for variable @ https://cx0.m.awsstatic.com/assets/clam/2.2.0/index.js:0
[     745ms] [LOG] CA Variable certification_name stored @ https://cx0.m.awsstatic.com/assets/clam/2.2.0/index.js:0
[     745ms] [LOG] CA Variable certification_description stored @ https://cx0.m.awsstatic.com/assets/clam/2.2.0/index.js:0
[     745ms] [LOG] CA Variable certification_datePublished stored @ https://cx0.m.awsstatic.com/assets/clam/2.2.0/index.js:0
[     745ms] [LOG] CA Variable certification_datePublished stored @ https://cx0.m.awsstatic.com/assets/clam/2.2.0/index.js:0
[     745ms] [LOG] CA Variable certification_image stored @ https://cx0.m.awsstatic.com/assets/clam/2.2.0/index.js:0
[     745ms] [LOG] CA Variable certification_image stored @ https://cx0.m.awsstatic.com/assets/clam/2.2.0/index.js:0
[     745ms] [LOG] CA Variable certification_offer_price stored @ https://cx0.m.awsstatic.com/assets/clam/2.2.0/index.js:0
[     747ms] [LOG] CA Rule No: 1 | ruleType: insert schema | Success @ https://cx0.m.awsstatic.com/assets/clam/2.2.0/index.js:0
[     747ms] [LOG] CA Rule No: 2 | ruleType: insert schema | Success @ https://cx0.m.awsstatic.com/assets/clam/2.2.0/index.js:0
