[     792ms] [ERROR] Failed to load resource: the server responded with a status of 404 (Not Found) @ http://localhost:4324/images/profile.jpg:0
[     815ms] [ERROR] Failed to load resource: the server responded with a status of 504 (Outdated Optimize Dep) @ http://localhost:4324/node_modules/.vite/deps/chunk-AMNZVUMI.js?v=fea986b7:0
[     816ms] [ERROR] Failed to load resource: the server responded with a status of 504 (Outdated Optimize Dep) @ http://localhost:4324/node_modules/.vite/deps/chunk-VJZUSRXL.js?v=fea986b7:0
[     817ms] [ERROR] Failed to load resource: the server responded with a status of 504 (Outdated Optimize Dep) @ http://localhost:4324/node_modules/.vite/deps/chunk-5WRI5ZAA.js?v=fea986b7:0
[     826ms] [ERROR] Failed to load resource: the server responded with a status of 504 (Outdated Optimize Dep) @ http://localhost:4324/node_modules/.vite/deps/gsap.js?v=b9c83668:0
[     827ms] [ERROR] Failed to load resource: the server responded with a status of 504 (Outdated Optimize Dep) @ http://localhost:4324/node_modules/.vite/deps/gsap_ScrollTrigger.js?v=05e50e5f:0
[  140909ms] [ERROR] Failed to load resource: the server responded with a status of 404 (Not Found) @ http://localhost:4324/images/profile.jpg:0
[  140917ms] [ERROR] Failed to load resource: the server responded with a status of 504 (Outdated Optimize Dep) @ http://localhost:4324/@id/astro/runtime/client/dev-toolbar/entrypoint.js:0
[  143365ms] [LOG] [vite] server connection lost. Polling for restart... @ http://localhost:4324/@vite/client:1598
[  145372ms] [ERROR] Failed to load resource: the server responded with a status of 404 (Not Found) @ http://localhost:4324/images/profile.jpg:0
[  145854ms] [ERROR] Failed to load resource: the server responded with a status of 404 (Not Found) @ http://localhost:4324/images/profile.jpg:0
[  145993ms] [ERROR] Failed to load resource: the server responded with a status of 404 (Not Found) @ http://localhost:4324/images/profile.jpg:0
[  147070ms] [LOG] [vite] server connection lost. Polling for restart... @ http://localhost:4324/@vite/client:1598
[  148550ms] [ERROR] Failed to load resource: the server responded with a status of 404 (Not Found) @ http://localhost:4324/images/profile.jpg:0
[  148800ms] [ERROR] Failed to load resource: the server responded with a status of 504 (Outdated Optimize Dep) @ http://localhost:4324/node_modules/.vite/deps/astro-IQQQXCO3.js?v=a2975fb8:0
[  148854ms] Failed to fetch dynamically imported module: http://localhost:4324/node_modules/.vite/deps/astro-IQQQXCO3.js?v=a2975fb8
[  148801ms] [ERROR] Failed to load resource: the server responded with a status of 504 (Outdated Optimize Dep) @ http://localhost:4324/node_modules/.vite/deps/xray-XH6VIXDC.js?v=a2975fb8:0
[  148802ms] [ERROR] Failed to load resource: the server responded with a status of 504 (Outdated Optimize Dep) @ http://localhost:4324/node_modules/.vite/deps/settings-K4OHAGC2.js?v=a2975fb8:0
[  148802ms] [ERROR] Failed to load resource: the server responded with a status of 504 (Outdated Optimize Dep) @ http://localhost:4324/node_modules/.vite/deps/toolbar-2H5PSQQU.js?v=a2975fb8:0
[  148803ms] [ERROR] Failed to load resource: the server responded with a status of 504 (Outdated Optimize Dep) @ http://localhost:4324/node_modules/.vite/deps/ui-library-EVFCBMCE.js?v=a2975fb8:0
[  148805ms] [ERROR] Failed to load resource: the server responded with a status of 504 (Outdated Optimize Dep) @ http://localhost:4324/node_modules/.vite/deps/audit-73G7L2C4.js?v=a2975fb8:0
[  148865ms] [ERROR] Failed to load resource: the server responded with a status of 504 (Outdated Optimize Dep) @ http://localhost:4324/@id/astro/runtime/client/dev-toolbar/entrypoint.js:0
[  148867ms] [ERROR] Failed to load resource: the server responded with a status of 404 (Not Found) @ http://localhost:4324/images/profile.jpg:0
[  166084ms] [ERROR] Failed to load resource: the server responded with a status of 504 (Outdated Optimize Dep) @ http://localhost:4324/@id/astro/runtime/client/dev-toolbar/entrypoint.js:0
[  166106ms] [ERROR] Failed to load resource: the server responded with a status of 404 (Not Found) @ http://localhost:4324/images/profile.jpg:0
[  167420ms] [LOG] [vite] server connection lost. Polling for restart... @ http://localhost:4324/@vite/client:1598
[  168753ms] [ERROR] Failed to load resource: the server responded with a status of 404 (Not Found) @ http://localhost:4324/images/profile.jpg:0
[  168934ms] [ERROR] Failed to load resource: the server responded with a status of 504 (Outdated Optimize Dep) @ http://localhost:4324/node_modules/.vite/deps/astro-IQQQXCO3.js?v=5ee65289:0
[  168934ms] [ERROR] Failed to load resource: the server responded with a status of 504 (Outdated Optimize Dep) @ http://localhost:4324/node_modules/.vite/deps/xray-XH6VIXDC.js?v=5ee65289:0
[  168935ms] [ERROR] Failed to load resource: the server responded with a status of 504 (Outdated Optimize Dep) @ http://localhost:4324/node_modules/.vite/deps/settings-K4OHAGC2.js?v=5ee65289:0
[  168937ms] Failed to fetch dynamically imported module: http://localhost:4324/node_modules/.vite/deps/astro-IQQQXCO3.js?v=5ee65289
[  168935ms] [ERROR] Failed to load resource: the server responded with a status of 504 (Outdated Optimize Dep) @ http://localhost:4324/node_modules/.vite/deps/toolbar-2H5PSQQU.js?v=5ee65289:0
[  168936ms] [ERROR] Failed to load resource: the server responded with a status of 504 (Outdated Optimize Dep) @ http://localhost:4324/node_modules/.vite/deps/ui-library-EVFCBMCE.js?v=5ee65289:0
[  168938ms] [ERROR] Failed to load resource: the server responded with a status of 504 (Outdated Optimize Dep) @ http://localhost:4324/node_modules/.vite/deps/audit-73G7L2C4.js?v=5ee65289:0
[  168992ms] [ERROR] Failed to load resource: the server responded with a status of 504 (Outdated Optimize Dep) @ http://localhost:4324/@id/astro/runtime/client/dev-toolbar/entrypoint.js:0
[  168993ms] [ERROR] Failed to load resource: the server responded with a status of 404 (Not Found) @ http://localhost:4324/images/profile.jpg:0
[  200710ms] [ERROR] Failed to load resource: the server responded with a status of 504 (Outdated Optimize Dep) @ http://localhost:4324/@id/astro/runtime/client/dev-toolbar/entrypoint.js:0
[  200720ms] [ERROR] Failed to load resource: the server responded with a status of 404 (Not Found) @ http://localhost:4324/images/profile.jpg:0
[  207693ms] [ERROR] Failed to load resource: the server responded with a status of 504 (Outdated Optimize Dep) @ http://localhost:4324/@id/astro/runtime/client/dev-toolbar/entrypoint.js:0
[  207708ms] [ERROR] Failed to load resource: the server responded with a status of 404 (Not Found) @ http://localhost:4324/images/profile.jpg:0
[  215303ms] [ERROR] Failed to load resource: the server responded with a status of 504 (Outdated Optimize Dep) @ http://localhost:4324/@id/astro/runtime/client/dev-toolbar/entrypoint.js:0
[  215307ms] [ERROR] Failed to load resource: the server responded with a status of 404 (Not Found) @ http://localhost:4324/images/profile.jpg:0
[  220286ms] [ERROR] Failed to load resource: the server responded with a status of 504 (Outdated Optimize Dep) @ http://localhost:4324/@id/astro/runtime/client/dev-toolbar/entrypoint.js:0
[  220289ms] [ERROR] Failed to load resource: the server responded with a status of 404 (Not Found) @ http://localhost:4324/images/profile.jpg:0
[  230463ms] [ERROR] Failed to load resource: the server responded with a status of 504 (Outdated Optimize Dep) @ http://localhost:4324/@id/astro/runtime/client/dev-toolbar/entrypoint.js:0
[  230472ms] [ERROR] Failed to load resource: the server responded with a status of 404 (Not Found) @ http://localhost:4324/images/profile.jpg:0
[  235700ms] [ERROR] Failed to load resource: the server responded with a status of 504 (Outdated Optimize Dep) @ http://localhost:4324/@id/astro/runtime/client/dev-toolbar/entrypoint.js:0
[  235703ms] [ERROR] Failed to load resource: the server responded with a status of 404 (Not Found) @ http://localhost:4324/images/profile.jpg:0
[  237748ms] [ERROR] Failed to load resource: the server responded with a status of 504 (Outdated Optimize Dep) @ http://localhost:4324/@id/astro/runtime/client/dev-toolbar/entrypoint.js:0
[  237752ms] [ERROR] Failed to load resource: the server responded with a status of 404 (Not Found) @ http://localhost:4324/images/profile.jpg:0
[  256333ms] [ERROR] Failed to load resource: the server responded with a status of 504 (Outdated Optimize Dep) @ http://localhost:4324/@id/astro/runtime/client/dev-toolbar/entrypoint.js:0
[  256342ms] [ERROR] Failed to load resource: the server responded with a status of 404 (Not Found) @ http://localhost:4324/images/profile.jpg:0
